Initialising worker process 1
Let the game begin...
Worker process: 1
My colour: 1
Board size: 8
-----------------------------------
  0 1 2 3 4 5 6 7 
0 . . . . . . . . 
1 . . . . . . . . 
2 . . . . . . . . 
3 . . . W B . . . 
4 . . . B W . . . 
5 . . . . . . . . 
6 . . . . . . . . 
7 . . . . . . . . 

  0 1 2 3 4 5 6 7 
0 . . . . . . . . 
1 . . . . . . . . 
2 . . . . . . . . 
3 . . B B B . . . 
4 . . . B W . . . 
5 . . . . . . . . 
6 . . . . . . . . 
7 . . . . . . . . 

Going to evaluate move 34, using alpha -2147483648 and depth 12
Move 34 has a score 1148

  0 1 2 3 4 5 6 7 
0 . . . . . . . . 
1 . . . . . . . . 
2 . . . . . . . . 
3 . . B B B . . . 
4 . . B W W . . . 
5 . B . . . . . . 
6 . . . . . . . . 
7 . . . . . . . . 

Going to evaluate move 33, using alpha -2147483648 and depth 11
Move 33 has a score 484
Going to evaluate move 19, using alpha 484 and depth 11
Move 19 has a score 483

  0 1 2 3 4 5 6 7 
0 . . . . . . . . 
1 . . B . . . . . 
2 . . B . . . . . 
3 . . B W B . . . 
4 . . B W W . . . 
5 . B . . . . . . 
6 . . . . . . . . 
7 . . . . . . . . 

Going to evaluate move 48, using alpha -2147483648 and depth 11
Move 48 has a score 302
Going to evaluate move 25, using alpha 302 and depth 11
Move 25 has a score 528
Going to evaluate move 9, using alpha 661 and depth 11
Move 9 has a score 657

  0 1 2 3 4 5 6 7 
0 . . . . . . . . 
1 . . B . . B . . 
2 . . B . B . . . 
3 . . B B W . . . 
4 . . B W W . . . 
5 . B . . . . . . 
6 . . . . . . . . 
7 . . . . . . . . 

Going to evaluate move 33, using alpha -2147483648 and depth 11
Move 33 has a score 567
Going to evaluate move 12, using alpha 567 and depth 11
Move 12 has a score 611

  0 1 2 3 4 5 6 7 
0 . . . . . . . . 
1 . . B . B B . . 
2 . . B B B . . . 
3 . . B W W . . . 
4 . . B W W . . . 
5 . B . . . . . . 
6 . . . . . . . . 
7 . . . . . . . . 

Going to evaluate move 48, using alpha -2147483648 and depth 11
Move 48 has a score 295
Going to evaluate move 17, using alpha 295 and depth 11
Move 17 has a score 587
Going to evaluate move 4, using alpha 984 and depth 11
Move 4 has a score 940

  0 1 2 3 4 5 6 7 
0 . . . . . . . . 
1 . . B . B B . . 
2 . . B B B . . . 
3 . . B W B . . . 
4 . W W B B . . . 
5 . B . . B . . . 
6 . . . . . . . . 
7 . . . . . . . . 

Going to evaluate move 49, using alpha -2147483648 and depth 11
Move 49 has a score 566
Going to evaluate move 37, using alpha 611 and depth 11
Move 37 has a score 852
Going to evaluate move 6, using alpha 877 and depth 11
Move 6 has a score 869

  0 1 2 3 4 5 6 7 
0 . . . . . . . . 
1 . . B W B B . . 
2 . . B W B . . . 
3 . . B W B . . . 
4 . B W B B . . . 
5 B B . . B . . . 
6 . . . . . . . . 
7 . . . . . . . . 

Going to evaluate move 48, using alpha -2147483648 and depth 11
Move 48 has a score 720
Going to evaluate move 32, using alpha 760 and depth 11
Move 32 has a score 749
Going to evaluate move 25, using alpha 760 and depth 11
Move 25 has a score 757
Going to evaluate move 21, using alpha 760 and depth 11
Move 21 has a score 890
Going to evaluate move 6, using alpha 890 and depth 11
Move 6 has a score 866
Going to evaluate move 2, using alpha 890 and depth 11
Move 2 has a score 860

  0 1 2 3 4 5 6 7 
0 . . . . . . . . 
1 . . B W B B . . 
2 . . B W W B . . 
3 . . B W B . B . 
4 . B W B B . . . 
5 B B . . B . . . 
6 . . . . . . . . 
7 . . . . . . . . 

Going to evaluate move 52, using alpha -2147483648 and depth 11
Move 52 has a score 670
Going to evaluate move 5, using alpha 937 and depth 11
Move 5 has a score 750
Going to evaluate move 1, using alpha 937 and depth 11
Move 1 has a score 916

  0 1 2 3 4 5 6 7 
0 . . . . . . . . 
1 . . B W B B . . 
2 . . B W W W B . 
3 . . B W B . B B 
4 . B W B B . . . 
5 B B . . B . . . 
6 . . . . . . . . 
7 . . . . . . . . 

Going to evaluate move 52, using alpha -2147483648 and depth 11
Move 52 has a score 677
Going to evaluate move 23, using alpha 914 and depth 11
Move 23 has a score 914
Going to evaluate move 5, using alpha 914 and depth 11
Move 5 has a score 910
Going to evaluate move 2, using alpha 914 and depth 11
Move 2 has a score 914

  0 1 2 3 4 5 6 7 
0 . . . . B . . . 
1 . . B B B B . . 
2 . . B W W W B . 
3 . . B W W . B B 
4 . B W W W W . . 
5 B B . . B . . . 
6 . . . . . . . . 
7 . . . . . . . . 

Going to evaluate move 53, using alpha -2147483648 and depth 11
Move 53 has a score 955
Going to evaluate move 48, using alpha 955 and depth 11
Move 48 has a score 955
Going to evaluate move 32, using alpha 955 and depth 11
Move 32 has a score 954
Going to evaluate move 17, using alpha 955 and depth 11
Move 17 has a score 955
Going to evaluate move 6, using alpha 955 and depth 11
Move 6 has a score 952
Going to evaluate move 2, using alpha 955 and depth 11
Move 2 has a score 950

  0 1 2 3 4 5 6 7 
0 . . . B B W . . 
1 . . B B B W . . 
2 . . B W W B B . 
3 . . B W W . B B 
4 . B W W W W . . 
5 B B . . B . . . 
6 . . . . . . . . 
7 . . . . . . . . 

Going to evaluate move 53, using alpha -2147483648 and depth 11
Move 53 has a score 822
Going to evaluate move 48, using alpha 822 and depth 11
Move 48 has a score 820
Going to evaluate move 17, using alpha 1046 and depth 11
Move 17 has a score 1043
Going to evaluate move 14, using alpha 1046 and depth 11
Move 14 has a score 1044
Going to evaluate move 1, using alpha 1046 and depth 11
Move 1 has a score 1042

  0 1 2 3 4 5 6 7 
0 . . . B B B B . 
1 . . B B B B . . 
2 . . B W B W B . 
3 . . B B W W B B 
4 . B B W W W . . 
5 B B . . B . . . 
6 . . . . . . . . 
7 . . . . . . . . 

Going to evaluate move 53, using alpha -2147483648 and depth 11
Move 53 has a score 1147
Going to evaluate move 32, using alpha 1147 and depth 11
Move 32 has a score 1172
Going to evaluate move 15, using alpha 1254 and depth 11
Move 15 has a score 1253
Going to evaluate move 1, using alpha 1311 and depth 11
Move 1 has a score 1305

  0 1 2 3 4 5 6 7 
0 . . . B B B B . 
1 . . B B B B . . 
2 . . B W B B W W 
3 . . B B W B W B 
4 . B B W B B . . 
5 B B . . B B . . 
6 . . . . . . . . 
7 . . . . . . . . 

Going to evaluate move 53, using alpha -2147483648 and depth 11
Move 53 has a score 2147483350
Going to evaluate move 43, using alpha 2147483371 and depth 11
Move 43 has a score 1450
Going to evaluate move 32, using alpha 2147483371 and depth 11
Move 32 has a score 1294
Going to evaluate move 14, using alpha 2147483371 and depth 11
Move 14 has a score 1415
Going to evaluate move 1, using alpha 2147483371 and depth 11
Move 1 has a score 1507

  0 1 2 3 4 5 6 7 
0 . . . B B B B . 
1 . . B B B B . . 
2 . . B W B B W W 
3 . . B B W B W B 
4 . B B W B W . . 
5 B B . . B B . . 
6 . . . W B . . . 
7 . . . . . . . . 

Going to evaluate move 60, using alpha -2147483648 and depth 11
Move 60 has a score 2147483241
Going to evaluate move 25, using alpha 2147483292 and depth 11
Move 25 has a score 1524
Going to evaluate move 14, using alpha 2147483304 and depth 11
Move 14 has a score 2147483435

  0 1 2 3 4 5 6 7 
0 . W . B B B B . 
1 . . W B B B . . 
2 . . B W B B W W 
3 . . B B B B W B 
4 . B B B B W . . 
5 B B B . B B . . 
6 . . . W B . . . 
7 . . . . . . . . 

Going to evaluate move 53, using alpha -2147483648 and depth 11
Move 53 has a score 2147483175
Going to evaluate move 14, using alpha 2147483427 and depth 11
Move 14 has a score 2147483420

  0 1 2 3 4 5 6 7 
0 . W . B B B B . 
1 . . W B B B . . 
2 . . W W B B W W 
3 . . W B B B W B 
4 . B W B B W . . 
5 B B B B B B . . 
6 . . W W B . . . 
7 . . . . . . . . 

Going to evaluate move 61, using alpha -2147483648 and depth 11
Move 61 has a score 2147483647
Going to evaluate move 48, using alpha 2147483647 and depth 11
Move 48 has a score 752
Going to evaluate move 39, using alpha 2147483647 and depth 11
Move 39 has a score 960
Going to evaluate move 32, using alpha 2147483647 and depth 11
Move 32 has a score 785
Going to evaluate move 24, using alpha 2147483647 and depth 11
Move 24 has a score 631
Going to evaluate move 14, using alpha 2147483647 and depth 11
Move 14 has a score 504

  0 1 2 3 4 5 6 7 
0 . W . B B B B . 
1 . . W B B B . . 
2 . . W W B B W W 
3 . . W B B B B B 
4 . B W B B W . B 
5 B B B W B B . . 
6 . . W W W . . . 
7 . . . . . W . . 

Going to evaluate move 54, using alpha -2147483648 and depth 11
Move 54 has a score 2147483647
Going to evaluate move 47, using alpha 2147483647 and depth 11
Move 47 has a score 1066
Going to evaluate move 46, using alpha 2147483647 and depth 11
Move 46 has a score 639
Going to evaluate move 38, using alpha 2147483647 and depth 11
Move 38 has a score -1272
Going to evaluate move 32, using alpha 2147483647 and depth 11
Move 32 has a score 820
Going to evaluate move 24, using alpha 2147483647 and depth 11
Move 24 has a score 597
Going to evaluate move 14, using alpha 2147483647 and depth 11
Move 14 has a score 449

  0 1 2 3 4 5 6 7 
0 . W . B B B B . 
1 . B B B B B . . 
2 . . W W B B W W 
3 . . W W B B B B 
4 . B W B W W . B 
5 B B B W B W . . 
6 . . W W W . W . 
7 . . . . . W . . 

Going to evaluate move 53, using alpha -2147483648 and depth 11
Move 53 has a score 1222
Going to evaluate move 38, using alpha 1222 and depth 11
Move 38 has a score 1216
Going to evaluate move 24, using alpha 1328 and depth 11
Move 24 has a score 2147483647
Going to evaluate move 17, using alpha 2147483647 and depth 11
Move 17 has a score -1375
Going to evaluate move 2, using alpha 2147483647 and depth 11
Move 2 has a score 851
Going to evaluate move 0, using alpha 2147483647 and depth 11
Move 0 has a score 851

  0 1 2 3 4 5 6 7 
0 . W . B B B B . 
1 . B B B B B . . 
2 . . W W B B W W 
3 W . W W B B B B 
4 B B B B W W . B 
5 B B W W B W . . 
6 . . W W W . W . 
7 . . . . . W . . 

Going to evaluate move 53, using alpha -2147483648 and depth 11
Move 53 has a score 1300
Going to evaluate move 38, using alpha 1300 and depth 11
Move 38 has a score 1293
Going to evaluate move 14, using alpha 1300 and depth 11
Move 14 has a score 1298

  0 1 2 3 4 5 6 7 
0 . W . B B B B . 
1 . B B B B B . B 
2 . . W W B B B B 
3 W . W W B B B B 
4 B B B W W W . B 
5 B B W W W W . . 
6 . . W W W W W . 
7 . . . . . W . . 

Going to evaluate move 48, using alpha -2147483648 and depth 11
Move 48 has a score 1289

  0 1 2 3 4 5 6 7 
0 . W . B B B B . 
1 . W B B B B . B 
2 . W W W B B B B 
3 W . W W B B B B 
4 B B B W W B . B 
5 B B B W B W . . 
6 . . B B W W W . 
7 . . B . . W . . 

Going to evaluate move 60, using alpha -2147483648 and depth 11
Move 60 has a score 2147483647
Going to evaluate move 38, using alpha 2147483647 and depth 11
Move 38 has a score -874
Going to evaluate move 14, using alpha 2147483647 and depth 11
Move 14 has a score 1175

  0 1 2 3 4 5 6 7 
0 . W . B B B B . 
1 . W B B B B . B 
2 . W W W B B B B 
3 W . W W B B B B 
4 B B B W W B . B 
5 B B B W B W . . 
6 . . B B W W W . 
7 . W B B . W . . 

Going to evaluate move 60, using alpha -2147483648 and depth 11
Move 60 has a score 2147483647
Going to evaluate move 46, using alpha 2147483647 and depth 11
Move 46 has a score -891
Going to evaluate move 38, using alpha 2147483647 and depth 11
Move 38 has a score -658
Going to evaluate move 14, using alpha 2147483647 and depth 11
Move 14 has a score 1146

  0 1 2 3 4 5 6 7 
0 . W . B B B B . 
1 . W B B B B . B 
2 . W W W B B B B 
3 W . W W B B B B 
4 B W B W W B . B 
5 B B W W B W . . 
6 . . B B B B B B 
7 . W W W W W . . 

Going to evaluate move 63, using alpha -2147483648 and depth 11
Move 63 has a score 3100
Going to evaluate move 48, using alpha 3100 and depth 11
Move 48 has a score 4400
Going to evaluate move 46, using alpha 4400 and depth 11
Move 46 has a score 4400
Going to evaluate move 14, using alpha 4400 and depth 11
Move 14 has a score 3400

  0 1 2 3 4 5 6 7 
0 . W . B B B B . 
1 . W B B B B . B 
2 . W W W B B B B 
3 W . W W B B B B 
4 W W W W W B . B 
5 W W W W B B B . 
6 W . B B B B B B 
7 . W W W W W . . 

Going to evaluate move 63, using alpha -2147483648 and depth 11
Move 63 has a score 4900

  0 1 2 3 4 5 6 7 
0 . W . B B B B . 
1 . W B B B B . B 
2 B B B B B B B B 
3 W . W W B B B B 
4 W W W W W B . B 
5 W W W W W B B . 
6 W . B B B W B B 
7 . W W W W W W . 

Going to evaluate move 63, using alpha -2147483648 and depth 11
Move 63 has a score 27000
Going to evaluate move 8, using alpha 2147483647 and depth 11
Move 8 has a score 2147483647

  0 1 2 3 4 5 6 7 
0 . W . B B B B . 
1 B B B B B B . B 
2 B B B B B B B B 
3 W . W W B B B B 
4 W W W W W B . B 
5 W W W W W B B . 
6 W W W W W W B B 
7 . W W W W W W . 

Going to evaluate move 63, using alpha -2147483648 and depth 11
Move 63 has a score -2147483648
Going to evaluate move 14, using alpha 8000 and depth 11
Move 14 has a score 2147483647

  0 1 2 3 4 5 6 7 
0 . W . B B B B . 
1 B B B B B B W B 
2 B B B B B W B B 
3 B . W W W B B B 
4 B W W W W B . B 
5 B W W W W B B . 
6 B W W W W W B B 
7 B W W W W W W . 

Going to evaluate move 63, using alpha -2147483648 and depth 11
Move 63 has a score 4000
Going to evaluate move 25, using alpha 4000 and depth 11
Move 25 has a score 2147483647

  0 1 2 3 4 5 6 7 
0 . W . B B B B . 
1 B B B B B B W B 
2 B B B B B W W B 
3 B B B B B B W B 
4 B W W W W W W B 
5 B W W W W W W . 
6 B W W W W W W B 
7 B W W W W W W . 

Going to evaluate move 2, using alpha -2147483648 and depth 13
Move 2 has a score 2147483647

  0 1 2 3 4 5 6 7 
0 . W W B B B B B 
1 B B W W B B B B 
2 B B W B W B W B 
3 B B W B B W W B 
4 B W W W W W W B 
5 B W W W W W W . 
6 B W W W W W W B 
7 B W W W W W W . 

Going to evaluate move 0, using alpha -2147483648 and depth 14
Move 0 has a score 2147483647

  0 1 2 3 4 5 6 7 
0 W W W B B B B B 
1 B W W W B B B B 
2 B B W B W B W B 
3 B B W B B W W B 
4 B W W W B W W B 
5 B W W W W B W . 
6 B W W W W W B B 
7 B B B B B B B B 


  0 1 2 3 4 5 6 7 
0 . . . . . . . . 
1 . . . . . . . . 
2 . . . . . . . . 
3 . . . W B . . . 
4 . . . B W . . . 
5 . . . . . . . . 
6 . . . . . . . . 
7 . . . . . . . . 

Going to evaluate move 44, using alpha -2147483648 and depth 11
Move 44 has a score 6000
Going to evaluate move 19, using alpha -2147483648 and depth 11
Move 19 has a score 6000

  0 1 2 3 4 5 6 7 
0 . . . . . . . . 
1 . . . . . . . . 
2 . . . . . . . . 
3 . . . W B . . . 
4 . . . B W . . . 
5 . . . . B W . . 
6 . . . . . . . . 
7 . . . . . . . . 

Going to evaluate move 46, using alpha -2147483648 and depth 11
Move 46 has a score 181

  0 1 2 3 4 5 6 7 
0 . . . . . . . . 
1 . . . . . . . . 
2 . . . . . . . . 
3 . . . W B . . . 
4 . . . W B B . . 
5 . . . W W W . . 
6 . . . . . . . . 
7 . . . . . . . . 

Going to evaluate move 54, using alpha -2147483648 and depth 11
Move 54 has a score 280
Going to evaluate move 51, using alpha 280 and depth 11
Move 51 has a score 280
Going to evaluate move 50, using alpha 280 and depth 11
Move 50 has a score 305
Going to evaluate move 26, using alpha 310 and depth 11
Move 26 has a score 310

  0 1 2 3 4 5 6 7 
0 . . . . . . . . 
1 . . . . . . . . 
2 . . . . . . . . 
3 . W . W B . . . 
4 . . W B B B . . 
5 . . . W W W . . 
6 . . . . . . . . 
7 . . . . . . . . 

Going to evaluate move 54, using alpha -2147483648 and depth 11
Move 54 has a score 395
Going to evaluate move 26, using alpha 425 and depth 11
Move 26 has a score 454

  0 1 2 3 4 5 6 7 
0 . . . . . . . . 
1 . . . . . . . . 
2 . . B . . . . . 
3 . W . B B W . . 
4 . . W B W W . . 
5 . . . W W W . . 
6 . . . . . . . . 
7 . . . . . . . . 

Going to evaluate move 54, using alpha -2147483648 and depth 11
Move 54 has a score 470
Going to evaluate move 46, using alpha 536 and depth 11
Move 46 has a score 611
Going to evaluate move 33, using alpha 611 and depth 11
Move 33 has a score 585
Going to evaluate move 30, using alpha 611 and depth 11
Move 30 has a score 560

  0 1 2 3 4 5 6 7 
0 . . . . . . . . 
1 . . . . . . . . 
2 . . B . . . . . 
3 . W . B B W W . 
4 . . W B W W . . 
5 . . . W W W B . 
6 . . . . . . . . 
7 . . . . . . . . 

Going to evaluate move 54, using alpha -2147483648 and depth 11
Move 54 has a score 524
Going to evaluate move 51, using alpha 524 and depth 11
Move 51 has a score 476
Going to evaluate move 41, using alpha 524 and depth 11
Move 41 has a score 523
Going to evaluate move 33, using alpha 524 and depth 11
Move 33 has a score 498
Going to evaluate move 32, using alpha 524 and depth 11
Move 32 has a score 512

  0 1 2 3 4 5 6 7 
0 . . . . . . . . 
1 . . . . . . . . 
2 . . B . . . . . 
3 . W . B B W W . 
4 . . W B B B W . 
5 . . . W W W W W 
6 . . . . . . . . 
7 . . . . . . . . 

Going to evaluate move 55, using alpha -2147483648 and depth 11
Move 55 has a score 605
Going to evaluate move 52, using alpha 605 and depth 11
Move 52 has a score 604
Going to evaluate move 41, using alpha 617 and depth 11
Move 41 has a score 598
Going to evaluate move 39, using alpha 617 and depth 11
Move 39 has a score 636
Going to evaluate move 23, using alpha 636 and depth 11
Move 23 has a score 635
Going to evaluate move 22, using alpha 636 and depth 11
Move 22 has a score 806

  0 1 2 3 4 5 6 7 
0 . . . . . . . . 
1 . . . . . . . . 
2 . . B W . . B . 
3 . W . W W B W . 
4 . . W W B W W . 
5 . . . W W W W W 
6 . . . . . . . . 
7 . . . . . . . . 

Going to evaluate move 54, using alpha -2147483648 and depth 11
Move 54 has a score 418
Going to evaluate move 26, using alpha 794 and depth 11
Move 26 has a score 847

  0 1 2 3 4 5 6 7 
0 . . . . . . . . 
1 . . . . . . . . 
2 . . B W . W B . 
3 . W B B W W W . 
4 . . W W B W W . 
5 . . . W W W W W 
6 . . . . . . . . 
7 . . . . . . . . 

Going to evaluate move 54, using alpha -2147483648 and depth 11
Move 54 has a score 446
Going to evaluate move 50, using alpha 725 and depth 11
Move 50 has a score 731
Going to evaluate move 42, using alpha 731 and depth 11
Move 42 has a score 795
Going to evaluate move 33, using alpha 795 and depth 11
Move 33 has a score 794
Going to evaluate move 24, using alpha 795 and depth 11
Move 24 has a score 794
Going to evaluate move 11, using alpha 877 and depth 11
Move 11 has a score 874

  0 1 2 3 4 5 6 7 
0 . . . . . . . . 
1 . . W . . . . . 
2 . . W W . W B . 
3 . W W B B B B B 
4 . . W W B W W . 
5 . . . W W W W W 
6 . . . . . . . . 
7 . . . . . . . . 

Going to evaluate move 55, using alpha -2147483648 and depth 11
Move 55 has a score 616
Going to evaluate move 52, using alpha 616 and depth 11
Move 52 has a score 631
Going to evaluate move 12, using alpha 860 and depth 11
Move 12 has a score 859
Going to evaluate move 9, using alpha 860 and depth 11
Move 9 has a score 900

  0 1 2 3 4 5 6 7 
0 . . . . . . . . 
1 . . W B . . . . 
2 . . W B . W B . 
3 . W W B B B W B 
4 . . W W B W W W 
5 . . . W W W W W 
6 . . . . . . . . 
7 . . . . . . . . 

Going to evaluate move 55, using alpha -2147483648 and depth 11
Move 55 has a score 792
Going to evaluate move 52, using alpha 792 and depth 11
Move 52 has a score 789
Going to evaluate move 42, using alpha 792 and depth 11
Move 42 has a score 792
Going to evaluate move 33, using alpha 792 and depth 11
Move 33 has a score 786
Going to evaluate move 20, using alpha 792 and depth 11
Move 20 has a score 788
Going to evaluate move 14, using alpha 792 and depth 11
Move 14 has a score 786
Going to evaluate move 1, using alpha 792 and depth 11
Move 1 has a score 842

  0 1 2 3 4 5 6 7 
0 . W . . . . . . 
1 . B W B . . . . 
2 . . B W . W B . 
3 . W W B W B W B 
4 . . W W B W W W 
5 . . . W W W W W 
6 . . . . . . . . 
7 . . . . . . . . 

Going to evaluate move 55, using alpha -2147483648 and depth 11
Move 55 has a score 1114
Going to evaluate move 52, using alpha 1114 and depth 11
Move 52 has a score 2147483254
Going to evaluate move 42, using alpha 2147483391 and depth 11
Move 42 has a score 1228
Going to evaluate move 32, using alpha 2147483391 and depth 11
Move 32 has a score 2147483335
Going to evaluate move 20, using alpha 2147483445 and depth 11
Move 20 has a score 2147483394
Going to evaluate move 2, using alpha 2147483445 and depth 11
Move 2 has a score 1400

  0 1 2 3 4 5 6 7 
0 . W . . . . . . 
1 . B W B . . . . 
2 . . B W . W W W 
3 . W W B W B W W 
4 . . B W B W W W 
5 . B . W W W W W 
6 . . . . . . . . 
7 . . . . . . . . 

Going to evaluate move 54, using alpha -2147483648 and depth 11
Move 54 has a score 2147483087
Going to evaluate move 51, using alpha 2147483087 and depth 11
Move 51 has a score 2147483097
Going to evaluate move 16, using alpha 2147483349 and depth 11
Move 16 has a score 2147483150
Going to evaluate move 13, using alpha 2147483349 and depth 11
Move 13 has a score 1249

  0 1 2 3 4 5 6 7 
0 . W . . . . . . 
1 . B W B . . . . 
2 . . B W . W W W 
3 . W W B W B W W 
4 . . B W B B W W 
5 . B . W W B W W 
6 . . . . . W . . 
7 . . . . W . . . 

Going to evaluate move 61, using alpha -2147483648 and depth 11
Move 61 has a score 2147483273
Going to evaluate move 51, using alpha 2147483273 and depth 11
Move 51 has a score 2147483359
Going to evaluate move 20, using alpha 2147483385 and depth 11
Move 20 has a score 2147483312
Going to evaluate move 15, using alpha 2147483385 and depth 11
Move 15 has a score 2147483373

  0 1 2 3 4 5 6 7 
0 . W . . . . . . 
1 . B W B . . . . 
2 . . B W . W W W 
3 . W W B W B W W 
4 . . B W B B W W 
5 . B . W W B W W 
6 . . B W . W . . 
7 . . . . W . . . 

Going to evaluate move 61, using alpha -2147483648 and depth 11
Move 61 has a score 2147483345
Going to evaluate move 42, using alpha 2147483345 and depth 11
Move 42 has a score 2147483366
Going to evaluate move 24, using alpha 2147483366 and depth 11
Move 24 has a score 2147483348
Going to evaluate move 16, using alpha 2147483366 and depth 11
Move 16 has a score 2147483360
Going to evaluate move 2, using alpha 2147483366 and depth 11
Move 2 has a score 1206

  0 1 2 3 4 5 6 7 
0 . W . . . . . . 
1 . B W B . . . . 
2 . . B W . W W W 
3 . W W B W B W W 
4 . . W W W B W W 
5 . B B W W W W W 
6 . . B W W W . . 
7 . . . . W . . . 

Going to evaluate move 61, using alpha -2147483648 and depth 11
Move 61 has a score 2147483279
Going to evaluate move 24, using alpha 2147483298 and depth 11
Move 24 has a score 2147483295
Going to evaluate move 14, using alpha 2147483298 and depth 11
Move 14 has a score 1236

  0 1 2 3 4 5 6 7 
0 . W . . . . . . 
1 . B W B . . . . 
2 . . B W . W W W 
3 . W W B W B W W 
4 . . W W W B W W 
5 . B W W W W B W 
6 . W W W W W . B 
7 . . . . W . . . 

Going to evaluate move 61, using alpha -2147483648 and depth 11
Move 61 has a score 789
Going to evaluate move 33, using alpha 1013 and depth 11
Move 33 has a score 1016
Going to evaluate move 20, using alpha 2147483061 and depth 11
Move 20 has a score 1357
Going to evaluate move 14, using alpha 2147483254 and depth 11
Move 14 has a score 1450

  0 1 2 3 4 5 6 7 
0 . W . . . . . . 
1 . B W W W . . . 
2 . . B W . W W W 
3 . B W B W B W W 
4 B . W W W B W W 
5 . B W W W W B W 
6 . W W W W W . B 
7 . . . . W . . . 

Going to evaluate move 61, using alpha -2147483648 and depth 11
Move 61 has a score 877
Going to evaluate move 54, using alpha 986 and depth 11
Move 54 has a score 986
Going to evaluate move 15, using alpha 1043 and depth 11
Move 15 has a score 1183
Going to evaluate move 13, using alpha 1183 and depth 11
Move 13 has a score 1195

  0 1 2 3 4 5 6 7 
0 . W . . . . . . 
1 . B B B B B . . 
2 . . B W . B W W 
3 . B W B W B W W 
4 B W W W W B W W 
5 . W W W W W B W 
6 . W W W W W . B 
7 . . . . W . . . 

Going to evaluate move 61, using alpha -2147483648 and depth 11
Move 61 has a score 1069
Going to evaluate move 56, using alpha 1248 and depth 11
Move 56 has a score 1247
Going to evaluate move 54, using alpha 1248 and depth 11
Move 54 has a score 1248
Going to evaluate move 40, using alpha 1248 and depth 11
Move 40 has a score 1399

  0 1 2 3 4 5 6 7 
0 . W . . W . . . 
1 . B B B B W . . 
2 . . B B . B W W 
3 . B B B W B W W 
4 B B W W W B W W 
5 B B B B B B B W 
6 . W W W W W . B 
7 . . . . W . . . 

Going to evaluate move 62, using alpha -2147483648 and depth 11
Move 62 has a score 1041
Going to evaluate move 58, using alpha 1041 and depth 11
Move 58 has a score 2147483647
Going to evaluate move 57, using alpha 2147483647 and depth 11
Move 57 has a score -954
Going to evaluate move 56, using alpha 2147483647 and depth 11
Move 56 has a score -601
Going to evaluate move 20, using alpha 2147483647 and depth 11
Move 20 has a score -589
Going to evaluate move 15, using alpha 2147483647 and depth 11
Move 15 has a score 81
Going to evaluate move 14, using alpha 2147483647 and depth 11
Move 14 has a score -556
Going to evaluate move 5, using alpha 2147483647 and depth 11
Move 5 has a score -314

  0 1 2 3 4 5 6 7 
0 . W . . W . . . 
1 . W B B B W . . 
2 . W B B . B W W 
3 . B W B W B W W 
4 B B W W W B W W 
5 B B B B B B B W 
6 . B B B W W . B 
7 . . B . W . . . 

Going to evaluate move 62, using alpha -2147483648 and depth 11
Move 62 has a score 1386
Going to evaluate move 54, using alpha 1386 and depth 11
Move 54 has a score 2147483647
Going to evaluate move 24, using alpha 2147483647 and depth 11
Move 24 has a score 873
Going to evaluate move 20, using alpha 2147483647 and depth 11
Move 20 has a score 949
Going to evaluate move 16, using alpha 2147483647 and depth 11
Move 16 has a score 727
Going to evaluate move 15, using alpha 2147483647 and depth 11
Move 15 has a score 921
Going to evaluate move 14, using alpha 2147483647 and depth 11
Move 14 has a score 887
Going to evaluate move 8, using alpha 2147483647 and depth 11
Move 8 has a score -521
Going to evaluate move 5, using alpha 2147483647 and depth 11
Move 5 has a score 354
Going to evaluate move 0, using alpha 2147483647 and depth 11
Move 0 has a score 711

  0 1 2 3 4 5 6 7 
0 . W . . W . . . 
1 . W B B B W . . 
2 . W B B . B W W 
3 . B W B W B W W 
4 B B W W W B W W 
5 B W B B B B B W 
6 W B B B B B B B 
7 . . B . W . . . 

Going to evaluate move 56, using alpha -2147483648 and depth 11
Move 56 has a score 2147483647
Going to evaluate move 16, using alpha 2147483647 and depth 11
Move 16 has a score 516
Going to evaluate move 15, using alpha 2147483647 and depth 11
Move 15 has a score 684
Going to evaluate move 14, using alpha 2147483647 and depth 11
Move 14 has a score 712
Going to evaluate move 8, using alpha 2147483647 and depth 11
Move 8 has a score -468
Going to evaluate move 5, using alpha 2147483647 and depth 11
Move 5 has a score 314
Going to evaluate move 0, using alpha 2147483647 and depth 11
Move 0 has a score 472

  0 1 2 3 4 5 6 7 
0 . W . . W . . . 
1 . W B B B W W . 
2 . W B B . W W W 
3 . B W B W B W W 
4 B B W W W B W W 
5 B W B B B B B W 
6 B B B B B B B B 
7 B . B . W . . . 

Going to evaluate move 24, using alpha -2147483648 and depth 11
Move 24 has a score 2147483647
Going to evaluate move 15, using alpha 2147483647 and depth 11
Move 15 has a score 4600
Going to evaluate move 6, using alpha 2147483647 and depth 11
Move 6 has a score 3600

  0 1 2 3 4 5 6 7 
0 . W . . W . . . 
1 . W B B B W W . 
2 . B B B . W W W 
3 B B W B W W W W 
4 B B W W W W W W 
5 B W B W B W B W 
6 B B B B W W W B 
7 B . B . W W . . 

Going to evaluate move 63, using alpha -2147483648 and depth 11
Move 63 has a score 4800
Going to evaluate move 15, using alpha 4800 and depth 11
Move 15 has a score 5400
Going to evaluate move 6, using alpha 6400 and depth 11
Move 6 has a score 4800

  0 1 2 3 4 5 6 7 
0 . W W . W . . . 
1 . W W B B W W . 
2 . B W B . W W W 
3 B B W B W W W W 
4 B B W W W W W W 
5 B W B W B W B W 
6 B B B B W B B B 
7 B . B . W W B . 

Going to evaluate move 59, using alpha -2147483648 and depth 11
Move 59 has a score 2147483647
Going to evaluate move 8, using alpha 2147483647 and depth 11
Move 8 has a score 2147483647
Going to evaluate move 5, using alpha 2147483647 and depth 11
Move 5 has a score 2147483647

  0 1 2 3 4 5 6 7 
0 . W W W W . . . 
1 . W W W W W W . 
2 . B W W . W W W 
3 B B W W W W W W 
4 B B W W W W W W 
5 B W B W B W B W 
6 B B B B W B B B 
7 B . B B B B B . 

Going to evaluate move 20, using alpha -2147483648 and depth 11
Move 20 has a score 2147483647
Going to evaluate move 5, using alpha 2147483647 and depth 11
Move 5 has a score 2147483647

  0 1 2 3 4 5 6 7 
0 . W W W W . . B 
1 W W W W W W B . 
2 . W W W . B W W 
3 B B W W B W W W 
4 B B W B W W W W 
5 B W B W B W B W 
6 B B B B W B B B 
7 B . B B B B B . 

Going to evaluate move 20, using alpha -2147483648 and depth 11
Move 20 has a score 2147483647

  0 1 2 3 4 5 6 7 
0 . W W W W B . B 
1 W W W W B B B . 
2 . W W B . B W W 
3 B B B W B W W W 
4 B B W B W W W W 
5 B W B W B W B W 
6 B W W B W B B B 
7 B W B B B B B . 

Going to evaluate move 20, using alpha -2147483648 and depth 11
Move 20 has a score 2147483647
Going to evaluate move 0, using alpha 2147483647 and depth 11
Move 0 has a score 2147483647

  0 1 2 3 4 5 6 7 
0 . W W W W B . B 
1 W W W W B B B . 
2 W W W B B B W W 
3 B W B B B W W W 
4 B B W B W W W W 
5 B B B W B W B W 
6 B W W B W B B B 
7 B W B B B B B . 

Going to evaluate move 15, using alpha -2147483648 and depth 13
Move 15 has a score 2147483647

  0 1 2 3 4 5 6 7 
0 B B B B B B . B 
1 B B W W W W W W 
2 B W B B B B W W 
3 B W B B B W W W 
4 B B W B W W W W 
5 B B B W B W B W 
6 B W W B W B B B 
7 B W B B B B B . 

Going to evaluate move 6, using alpha -2147483648 and depth 14
Move 6 has a score 2147483647

Game terminated.
